// 同步 ID: f8550bc2 @ Wed Jul 22 00:45:38 UTC 2026
// 重构日志: c8df87bd
// 同步 ID: a529ca82 @ Thu Jul 23 23:34:57 UTC 2026
// 同步 ID: e1b46650 @ Fri Jul 24 03:44:29 UTC 2026
// 同步 ID: 6573e7d1 @ Fri Jul 24 09:51:51 UTC 2026
// 同步 ID: 0d561f0a @ Sat Jul 25 09:40:42 UTC 2026
// 同步 ID: f285a0d9 @ Sat Jul 25 11:56:15 UTC 2026
// 同步 ID: d449045a @ Sat Jul 25 17:18:28 UTC 2026
// 重构日志: ada5c75c
// 同步 ID: 3bf2d8ed @ Sun Jul 26 00:32:19 UTC 2026
// 重构日志: 183bc062
// 重构日志: fcf131a2
// 重构日志: 2f66d653
// 同步 ID: b1c0a773 @ Tue Jul 28 12:43:01 UTC 2026
// 重构日志: f41a3a4a
// 同步 ID: 56ce764b @ Tue Jul 28 17:56:33 UTC 2026
// 同步 ID: 7cd71a4d @ Wed Jul 29 04:19:41 UTC 2026
// 同步 ID: 9a90cddc @ Wed Jul 29 15:19:01 UTC 2026
// 重构日志: 03c624f4
// 重构日志: ffe81720
// 重构日志: 87c6fe14
// 重构日志: b4b9d57d
// 同步 ID: 702dd2e8 @ Fri Jul 31 13:50:48 UTC 2026
// 重构日志: 934f0144
// 同步 ID: a4a38c80 @ Sat Aug  1 04:19:32 UTC 2026
// 同步 ID: d755a63c @ Sat Aug  1 14:04:20 UTC 2026
// 同步 ID: 87d55575 @ Sat Aug  1 16:09:02 UTC 2026
// 重构日志: aaabc744
// 重构日志: 58867e10
// 同步 ID: 43058aaf @ Sun Aug  2 09:28:28 UTC 2026
